V3 287
FL /home/bauer_l/ASIPMeisterProjects/dlx_basis/ISE_basis_6000/AudioOut_TopLevel.vhd 2008/08/01.21:36:16 J.32
EN work/AudioOut_TopLevel 1245952903 \
      FL /home/bauer_l/ASIPMeisterProjects/dlx_basis/ISE_basis_6000/AudioOut_TopLevel.vhd \
      PB ieee/std_logic_1164 1169820266 PB ieee/std_logic_arith 1169820267 \
      PB ieee/STD_LOGIC_UNSIGNED 1169820269 PH work/AudioOut_types 1245952780
AR work/AudioOut_TopLevel/STRUCTURE 1245952904 \
      FL /home/bauer_l/ASIPMeisterProjects/dlx_basis/ISE_basis_6000/AudioOut_TopLevel.vhd \
      EN work/AudioOut_TopLevel 1245952903 CP DigitalAnalogConverter \
      CP audio_out_fifo
FL /home/bauer_l/ASIPMeisterProjects/dlx_basis/ISE_basis_6000/AudioOut_Types.vhd 2008/08/01.21:36:16 J.32
PH work/AudioOut_types 1245952780 \
      FL /home/bauer_l/ASIPMeisterProjects/dlx_basis/ISE_basis_6000/AudioOut_Types.vhd \
      PB ieee/std_logic_1164 1169820266 PB ieee/std_logic_arith 1169820267 \
      PB ieee/STD_LOGIC_UNSIGNED 1169820269
FL /home/bauer_l/ASIPMeisterProjects/dlx_basis/ISE_basis_6000/clk_div.vhd 2008/08/01.21:36:16 J.32
EN work/clk_div 1245952905 \
      FL /home/bauer_l/ASIPMeisterProjects/dlx_basis/ISE_basis_6000/clk_div.vhd \
      PB ieee/std_logic_1164 1169820266 PB ieee/std_logic_arith 1169820267 \
      PB ieee/STD_LOGIC_UNSIGNED 1169820269
AR work/clk_div/Behavioral 1245952906 \
      FL /home/bauer_l/ASIPMeisterProjects/dlx_basis/ISE_basis_6000/clk_div.vhd \
      EN work/clk_div 1245952905
FL /home/bauer_l/ASIPMeisterProjects/dlx_basis/ISE_basis_6000/CPU.vhd 2009/02/03.18:21:57 J.32
EN work/CPU 1245952895 \
      FL /home/bauer_l/ASIPMeisterProjects/dlx_basis/ISE_basis_6000/CPU.vhd \
      PB ieee/std_logic_1164 1169820266
AR work/CPU/RTL 1245952896 \
      FL /home/bauer_l/ASIPMeisterProjects/dlx_basis/ISE_basis_6000/CPU.vhd \
      EN work/CPU 1245952895 CP fhm_pcu_w32 CP fhm_register_w32 CP fhm_imau_w32 \
      CP fhm_dmau_w32 CP fhm_registerfile_w32 CP fhm_alu_w32 CP fhm_extender_w16 \
      CP fhm_multiplier_w32 CP fhm_divider_w32 CP fhm_shifter_w32 \
      CP fhm_extender_w28 CP fhm_adder_w32 CP fhm_multiplexor_w32 CP rtg_controller \
      CP rtg_mux3to1_w32 CP rtg_mux5to1_w5 CP rtg_mux18to1_w32 CP rtg_mux2to1_w5 \
      CP rtg_mux4to1_w32 CP rtg_mux4to1_w5 CP rtg_register_w32 CP rtg_register_w4 \
      CP rtg_register_w5
FL /home/bauer_l/ASIPMeisterProjects/dlx_basis/ISE_basis_6000/DigitalAnalogConverter.vhd 2008/08/01.21:36:16 J.32
EN work/DigitalAnalogConverter 1245952781 \
      FL /home/bauer_l/ASIPMeisterProjects/dlx_basis/ISE_basis_6000/DigitalAnalogConverter.vhd \
      PB ieee/std_logic_1164 1169820266 PB ieee/std_logic_arith 1169820267 \
      PB ieee/STD_LOGIC_UNSIGNED 1169820269
AR work/DigitalAnalogConverter/Behavioral 1245952782 \
      FL /home/bauer_l/ASIPMeisterProjects/dlx_basis/ISE_basis_6000/DigitalAnalogConverter.vhd \
      EN work/DigitalAnalogConverter 1245952781
FL /home/bauer_l/ASIPMeisterProjects/dlx_basis/ISE_basis_6000/dlxTypes.vhd 2008/08/01.21:36:16 J.32
PH work/dlxTypes 1245952893 \
      FL /home/bauer_l/ASIPMeisterProjects/dlx_basis/ISE_basis_6000/dlxTypes.vhd \
      PB ieee/std_logic_1164 1169820266
PB work/dlxTypes 1245952894 \
      FL /home/bauer_l/ASIPMeisterProjects/dlx_basis/ISE_basis_6000/dlxTypes.vhd \
      PH work/dlxTypes 1245952893
FL /home/bauer_l/ASIPMeisterProjects/dlx_basis/ISE_basis_6000/dlx_toplevel.vhd 2009/06/02.09:26:17 J.32
EN work/dlx_toplevel 1245952911 \
      FL /home/bauer_l/ASIPMeisterProjects/dlx_basis/ISE_basis_6000/dlx_toplevel.vhd \
      PB ieee/std_logic_1164 1169820266 PB ieee/std_logic_arith 1169820267 \
      PB ieee/STD_LOGIC_UNSIGNED 1169820269 LB UNISIM PH unisim/VCOMPONENTS 1169820273 \
      PB work/MemoryMapperTypes 1245952790 PH work/AudioOut_types 1245952780 \
      PB work/dlxTypes 1245952894
AR work/dlx_toplevel/Behavioral 1245952912 \
      FL /home/bauer_l/ASIPMeisterProjects/dlx_basis/ISE_basis_6000/dlx_toplevel.vhd \
      EN work/dlx_toplevel 1245952911 CP CPU CP MemoryMapper CP brom_im CP bram_dm \
      CP interface_asipmeister_i2c CP i2c_toplevel CP AudioOut_TopLevel CP clk_div \
      CP kcuart_tx CP kcuart_rx CP icon CP ila
FL /home/bauer_l/ASIPMeisterProjects/dlx_basis/ISE_basis_6000/fhm_adder_w32.vhd 2009/02/03.18:21:57 J.32
EN work/fhm_adder_w32_cla4 1245952867 \
      FL /home/bauer_l/ASIPMeisterProjects/dlx_basis/ISE_basis_6000/fhm_adder_w32.vhd \
      PB ieee/std_logic_1164 1169820266 PB ieee/STD_LOGIC_UNSIGNED 1169820269
AR work/fhm_adder_w32_cla4/synthesis 1245952868 \
      FL /home/bauer_l/ASIPMeisterProjects/dlx_basis/ISE_basis_6000/fhm_adder_w32.vhd \
      EN work/fhm_adder_w32_cla4 1245952867
EN work/fhm_adder_w32_cla16 1245952869 \
      FL /home/bauer_l/ASIPMeisterProjects/dlx_basis/ISE_basis_6000/fhm_adder_w32.vhd \
      PB ieee/std_logic_1164 1169820266 PB ieee/STD_LOGIC_UNSIGNED 1169820269
AR work/fhm_adder_w32_cla16/synthesis 1245952870 \
      FL /home/bauer_l/ASIPMeisterProjects/dlx_basis/ISE_basis_6000/fhm_adder_w32.vhd \
      EN work/fhm_adder_w32_cla16 1245952869 CP fhm_adder_w32_cla4
EN work/fhm_adder_w32 1245952871 \
      FL /home/bauer_l/ASIPMeisterProjects/dlx_basis/ISE_basis_6000/fhm_adder_w32.vhd \
      PB ieee/std_logic_1164 1169820266 PB ieee/STD_LOGIC_UNSIGNED 1169820269
AR work/fhm_adder_w32/synthesis 1245952872 \
      FL /home/bauer_l/ASIPMeisterProjects/dlx_basis/ISE_basis_6000/fhm_adder_w32.vhd \
      EN work/fhm_adder_w32 1245952871 CP fhm_adder_w32_cla16
FL /home/bauer_l/ASIPMeisterProjects/dlx_basis/ISE_basis_6000/fhm_alu_w32.vhd 2009/02/03.18:21:57 J.32
EN work/fhm_alu_w32_add4 1245952811 \
      FL /home/bauer_l/ASIPMeisterProjects/dlx_basis/ISE_basis_6000/fhm_alu_w32.vhd \
      PB ieee/std_logic_1164 1169820266 PB ieee/STD_LOGIC_UNSIGNED 1169820269
AR work/fhm_alu_w32_add4/synthesis 1245952812 \
      FL /home/bauer_l/ASIPMeisterProjects/dlx_basis/ISE_basis_6000/fhm_alu_w32.vhd \
      EN work/fhm_alu_w32_add4 1245952811
EN work/fhm_alu_w32_add16 1245952813 \
      FL /home/bauer_l/ASIPMeisterProjects/dlx_basis/ISE_basis_6000/fhm_alu_w32.vhd \
      PB ieee/std_logic_1164 1169820266 PB ieee/STD_LOGIC_UNSIGNED 1169820269
AR work/fhm_alu_w32_add16/synthesis 1245952814 \
      FL /home/bauer_l/ASIPMeisterProjects/dlx_basis/ISE_basis_6000/fhm_alu_w32.vhd \
      EN work/fhm_alu_w32_add16 1245952813 CP fhm_alu_w32_add4
EN work/fhm_alu_w32_add 1245952815 \
      FL /home/bauer_l/ASIPMeisterProjects/dlx_basis/ISE_basis_6000/fhm_alu_w32.vhd \
      PB ieee/std_logic_1164 1169820266 PB ieee/STD_LOGIC_UNSIGNED 1169820269
AR work/fhm_alu_w32_add/synthesis 1245952816 \
      FL /home/bauer_l/ASIPMeisterProjects/dlx_basis/ISE_basis_6000/fhm_alu_w32.vhd \
      EN work/fhm_alu_w32_add 1245952815 CP fhm_alu_w32_add16
EN work/fhm_alu_w32 1245952817 \
      FL /home/bauer_l/ASIPMeisterProjects/dlx_basis/ISE_basis_6000/fhm_alu_w32.vhd \
      PB ieee/std_logic_1164 1169820266 PB ieee/STD_LOGIC_UNSIGNED 1169820269 \
      PB ieee/std_logic_arith 1169820267
AR work/fhm_alu_w32/synthesis 1245952818 \
      FL /home/bauer_l/ASIPMeisterProjects/dlx_basis/ISE_basis_6000/fhm_alu_w32.vhd \
      EN work/fhm_alu_w32 1245952817 CP fhm_alu_w32_add
FL /home/bauer_l/ASIPMeisterProjects/dlx_basis/ISE_basis_6000/fhm_divider_w32.vhd 2009/02/03.18:21:57 J.32
EN work/fhm_divider_w32_add32_cla4 1245952845 \
      FL /home/bauer_l/ASIPMeisterProjects/dlx_basis/ISE_basis_6000/fhm_divider_w32.vhd \
      PB ieee/std_logic_1164 1169820266 PB ieee/STD_LOGIC_UNSIGNED 1169820269
AR work/fhm_divider_w32_add32_cla4/synthesis 1245952846 \
      FL /home/bauer_l/ASIPMeisterProjects/dlx_basis/ISE_basis_6000/fhm_divider_w32.vhd \
      EN work/fhm_divider_w32_add32_cla4 1245952845
EN work/fhm_divider_w32_add32_cla16 1245952847 \
      FL /home/bauer_l/ASIPMeisterProjects/dlx_basis/ISE_basis_6000/fhm_divider_w32.vhd \
      PB ieee/std_logic_1164 1169820266 PB ieee/STD_LOGIC_UNSIGNED 1169820269
AR work/fhm_divider_w32_add32_cla16/synthesis 1245952848 \
      FL /home/bauer_l/ASIPMeisterProjects/dlx_basis/ISE_basis_6000/fhm_divider_w32.vhd \
      EN work/fhm_divider_w32_add32_cla16 1245952847 \
      CP fhm_divider_w32_add32_cla4
EN work/fhm_divider_w32_add32 1245952849 \
      FL /home/bauer_l/ASIPMeisterProjects/dlx_basis/ISE_basis_6000/fhm_divider_w32.vhd \
      PB ieee/std_logic_1164 1169820266 PB ieee/STD_LOGIC_UNSIGNED 1169820269
AR work/fhm_divider_w32_add32/synthesis 1245952850 \
      FL /home/bauer_l/ASIPMeisterProjects/dlx_basis/ISE_basis_6000/fhm_divider_w32.vhd \
      EN work/fhm_divider_w32_add32 1245952849 CP fhm_divider_w32_add32_cla16
EN work/fhm_divider_w32_reg32 1245952851 \
      FL /home/bauer_l/ASIPMeisterProjects/dlx_basis/ISE_basis_6000/fhm_divider_w32.vhd \
      PB ieee/std_logic_1164 1169820266 PB ieee/STD_LOGIC_UNSIGNED 1169820269
AR work/fhm_divider_w32_reg32/synthesis 1245952852 \
      FL /home/bauer_l/ASIPMeisterProjects/dlx_basis/ISE_basis_6000/fhm_divider_w32.vhd \
      EN work/fhm_divider_w32_reg32 1245952851
EN work/fhm_divider_w32_reg1 1245952853 \
      FL /home/bauer_l/ASIPMeisterProjects/dlx_basis/ISE_basis_6000/fhm_divider_w32.vhd \
      PB ieee/std_logic_1164 1169820266 PB ieee/STD_LOGIC_UNSIGNED 1169820269
AR work/fhm_divider_w32_reg1/synthesis 1245952854 \
      FL /home/bauer_l/ASIPMeisterProjects/dlx_basis/ISE_basis_6000/fhm_divider_w32.vhd \
      EN work/fhm_divider_w32_reg1 1245952853
EN work/fhm_divider_w32_lsftreg32 1245952855 \
      FL /home/bauer_l/ASIPMeisterProjects/dlx_basis/ISE_basis_6000/fhm_divider_w32.vhd \
      PB ieee/std_logic_1164 1169820266 PB ieee/STD_LOGIC_UNSIGNED 1169820269
AR work/fhm_divider_w32_lsftreg32/synthesis 1245952856 \
      FL /home/bauer_l/ASIPMeisterProjects/dlx_basis/ISE_basis_6000/fhm_divider_w32.vhd \
      EN work/fhm_divider_w32_lsftreg32 1245952855 CP fhm_divider_w32_reg32 \
      CP fhm_divider_w32_reg1
EN work/fhm_divider_w32_sdiv32 1245952857 \
      FL /home/bauer_l/ASIPMeisterProjects/dlx_basis/ISE_basis_6000/fhm_divider_w32.vhd \
      PB ieee/std_logic_1164 1169820266 PB ieee/STD_LOGIC_UNSIGNED 1169820269
AR work/fhm_divider_w32_sdiv32/synthesis 1245952858 \
      FL /home/bauer_l/ASIPMeisterProjects/dlx_basis/ISE_basis_6000/fhm_divider_w32.vhd \
      EN work/fhm_divider_w32_sdiv32 1245952857 CP fhm_divider_w32_lsftreg32 \
      CP fhm_divider_w32_add32 CP fhm_divider_w32_reg32
EN work/fhm_divider_w32_tconv32 1245952859 \
      FL /home/bauer_l/ASIPMeisterProjects/dlx_basis/ISE_basis_6000/fhm_divider_w32.vhd \
      PB ieee/std_logic_1164 1169820266 PB ieee/STD_LOGIC_UNSIGNED 1169820269
AR work/fhm_divider_w32_tconv32/synthesis 1245952860 \
      FL /home/bauer_l/ASIPMeisterProjects/dlx_basis/ISE_basis_6000/fhm_divider_w32.vhd \
      EN work/fhm_divider_w32_tconv32 1245952859 CP fhm_divider_w32_add32
EN work/fhm_divider_w32 1245952861 \
      FL /home/bauer_l/ASIPMeisterProjects/dlx_basis/ISE_basis_6000/fhm_divider_w32.vhd \
      PB ieee/std_logic_1164 1169820266 PB ieee/STD_LOGIC_UNSIGNED 1169820269
AR work/fhm_divider_w32/synthesis 1245952862 \
      FL /home/bauer_l/ASIPMeisterProjects/dlx_basis/ISE_basis_6000/fhm_divider_w32.vhd \
      EN work/fhm_divider_w32 1245952861 CP fhm_divider_w32_tconv32 \
      CP fhm_divider_w32_sdiv32 CP fhm_divider_w32_reg1
FL /home/bauer_l/ASIPMeisterProjects/dlx_basis/ISE_basis_6000/fhm_dmau_w32.vhd 2009/02/03.18:21:57 J.32
EN work/fhm_dmau_w32_reg32 1245952803 \
      FL /home/bauer_l/ASIPMeisterProjects/dlx_basis/ISE_basis_6000/fhm_dmau_w32.vhd \
      PB ieee/std_logic_1164 1169820266
AR work/fhm_dmau_w32_reg32/synthesis 1245952804 \
      FL /home/bauer_l/ASIPMeisterProjects/dlx_basis/ISE_basis_6000/fhm_dmau_w32.vhd \
      EN work/fhm_dmau_w32_reg32 1245952803
EN work/fhm_dmau_w32 1245952805 \
      FL /home/bauer_l/ASIPMeisterProjects/dlx_basis/ISE_basis_6000/fhm_dmau_w32.vhd \
      PB ieee/std_logic_1164 1169820266
AR work/fhm_dmau_w32/synthesis 1245952806 \
      FL /home/bauer_l/ASIPMeisterProjects/dlx_basis/ISE_basis_6000/fhm_dmau_w32.vhd \
      EN work/fhm_dmau_w32 1245952805 CP fhm_dmau_w32_reg32
FL /home/bauer_l/ASIPMeisterProjects/dlx_basis/ISE_basis_6000/fhm_extender_w16.vhd 2009/02/03.18:21:57 J.32
EN work/fhm_extender_w16 1245952819 \
      FL /home/bauer_l/ASIPMeisterProjects/dlx_basis/ISE_basis_6000/fhm_extender_w16.vhd \
      PB ieee/std_logic_1164 1169820266 PB ieee/STD_LOGIC_UNSIGNED 1169820269
AR work/fhm_extender_w16/synthesis 1245952820 \
      FL /home/bauer_l/ASIPMeisterProjects/dlx_basis/ISE_basis_6000/fhm_extender_w16.vhd \
      EN work/fhm_extender_w16 1245952819
FL /home/bauer_l/ASIPMeisterProjects/dlx_basis/ISE_basis_6000/fhm_extender_w28.vhd 2009/02/03.18:21:57 J.32
EN work/fhm_extender_w28 1245952865 \
      FL /home/bauer_l/ASIPMeisterProjects/dlx_basis/ISE_basis_6000/fhm_extender_w28.vhd \
      PB ieee/std_logic_1164 1169820266 PB ieee/STD_LOGIC_UNSIGNED 1169820269
AR work/fhm_extender_w28/synthesis 1245952866 \
      FL /home/bauer_l/ASIPMeisterProjects/dlx_basis/ISE_basis_6000/fhm_extender_w28.vhd \
      EN work/fhm_extender_w28 1245952865
FL /home/bauer_l/ASIPMeisterProjects/dlx_basis/ISE_basis_6000/fhm_imau_w32.vhd 2009/02/03.18:21:57 J.32
EN work/fhm_imau_w32 1245952801 \
      FL /home/bauer_l/ASIPMeisterProjects/dlx_basis/ISE_basis_6000/fhm_imau_w32.vhd \
      PB ieee/std_logic_1164 1169820266
AR work/fhm_imau_w32/synthesis 1245952802 \
      FL /home/bauer_l/ASIPMeisterProjects/dlx_basis/ISE_basis_6000/fhm_imau_w32.vhd \
      EN work/fhm_imau_w32 1245952801
FL /home/bauer_l/ASIPMeisterProjects/dlx_basis/ISE_basis_6000/fhm_multiplexor_w32.vhd 2009/02/03.18:21:57 J.32
EN work/fhm_multiplexor_w32 1245952873 \
      FL /home/bauer_l/ASIPMeisterProjects/dlx_basis/ISE_basis_6000/fhm_multiplexor_w32.vhd \
      PB ieee/std_logic_1164 1169820266 PB ieee/STD_LOGIC_UNSIGNED 1169820269 \
      PB ieee/std_logic_arith 1169820267
AR work/fhm_multiplexor_w32/synthesis 1245952874 \
      FL /home/bauer_l/ASIPMeisterProjects/dlx_basis/ISE_basis_6000/fhm_multiplexor_w32.vhd \
      EN work/fhm_multiplexor_w32 1245952873
FL /home/bauer_l/ASIPMeisterProjects/dlx_basis/ISE_basis_6000/fhm_multiplier_w32.vhd 2009/02/03.18:21:57 J.32
EN work/fhm_multiplier_w32_reg1 1245952821 \
      FL /home/bauer_l/ASIPMeisterProjects/dlx_basis/ISE_basis_6000/fhm_multiplier_w32.vhd \
      PB ieee/std_logic_1164 1169820266 PB ieee/STD_LOGIC_UNSIGNED 1169820269
AR work/fhm_multiplier_w32_reg1/synthesis 1245952822 \
      FL /home/bauer_l/ASIPMeisterProjects/dlx_basis/ISE_basis_6000/fhm_multiplier_w32.vhd \
      EN work/fhm_multiplier_w32_reg1 1245952821
EN work/fhm_multiplier_w32_cla4 1245952823 \
      FL /home/bauer_l/ASIPMeisterProjects/dlx_basis/ISE_basis_6000/fhm_multiplier_w32.vhd \
      PB ieee/std_logic_1164 1169820266 PB ieee/STD_LOGIC_UNSIGNED 1169820269
AR work/fhm_multiplier_w32_cla4/synthesis 1245952824 \
      FL /home/bauer_l/ASIPMeisterProjects/dlx_basis/ISE_basis_6000/fhm_multiplier_w32.vhd \
      EN work/fhm_multiplier_w32_cla4 1245952823
EN work/fhm_multiplier_w32_cla16 1245952825 \
      FL /home/bauer_l/ASIPMeisterProjects/dlx_basis/ISE_basis_6000/fhm_multiplier_w32.vhd \
      PB ieee/std_logic_1164 1169820266 PB ieee/STD_LOGIC_UNSIGNED 1169820269
AR work/fhm_multiplier_w32_cla16/synthesis 1245952826 \
      FL /home/bauer_l/ASIPMeisterProjects/dlx_basis/ISE_basis_6000/fhm_multiplier_w32.vhd \
      EN work/fhm_multiplier_w32_cla16 1245952825 CP fhm_multiplier_w32_cla4
EN work/fhm_multiplier_w32_cla64 1245952827 \
      FL /home/bauer_l/ASIPMeisterProjects/dlx_basis/ISE_basis_6000/fhm_multiplier_w32.vhd \
      PB ieee/std_logic_1164 1169820266 PB ieee/STD_LOGIC_UNSIGNED 1169820269
AR work/fhm_multiplier_w32_cla64/synthesis 1245952828 \
      FL /home/bauer_l/ASIPMeisterProjects/dlx_basis/ISE_basis_6000/fhm_multiplier_w32.vhd \
      EN work/fhm_multiplier_w32_cla64 1245952827 CP fhm_multiplier_w32_cla16
EN work/fhm_multiplier_w32_add32 1245952829 \
      FL /home/bauer_l/ASIPMeisterProjects/dlx_basis/ISE_basis_6000/fhm_multiplier_w32.vhd \
      PB ieee/std_logic_1164 1169820266 PB ieee/STD_LOGIC_UNSIGNED 1169820269
AR work/fhm_multiplier_w32_add32/synthesis 1245952830 \
      FL /home/bauer_l/ASIPMeisterProjects/dlx_basis/ISE_basis_6000/fhm_multiplier_w32.vhd \
      EN work/fhm_multiplier_w32_add32 1245952829 CP fhm_multiplier_w32_cla16
EN work/fhm_multiplier_w32_add64 1245952831 \
      FL /home/bauer_l/ASIPMeisterProjects/dlx_basis/ISE_basis_6000/fhm_multiplier_w32.vhd \
      PB ieee/std_logic_1164 1169820266 PB ieee/STD_LOGIC_UNSIGNED 1169820269
AR work/fhm_multiplier_w32_add64/synthesis 1245952832 \
      FL /home/bauer_l/ASIPMeisterProjects/dlx_basis/ISE_basis_6000/fhm_multiplier_w32.vhd \
      EN work/fhm_multiplier_w32_add64 1245952831 CP fhm_multiplier_w32_cla64
EN work/fhm_multiplier_w32_reg32 1245952833 \
      FL /home/bauer_l/ASIPMeisterProjects/dlx_basis/ISE_basis_6000/fhm_multiplier_w32.vhd \
      PB ieee/std_logic_1164 1169820266 PB ieee/STD_LOGIC_UNSIGNED 1169820269
AR work/fhm_multiplier_w32_reg32/synthesis 1245952834 \
      FL /home/bauer_l/ASIPMeisterProjects/dlx_basis/ISE_basis_6000/fhm_multiplier_w32.vhd \
      EN work/fhm_multiplier_w32_reg32 1245952833
EN work/fhm_multiplier_w32_reg64 1245952835 \
      FL /home/bauer_l/ASIPMeisterProjects/dlx_basis/ISE_basis_6000/fhm_multiplier_w32.vhd \
      PB ieee/std_logic_1164 1169820266 PB ieee/STD_LOGIC_UNSIGNED 1169820269
AR work/fhm_multiplier_w32_reg64/synthesis 1245952836 \
      FL /home/bauer_l/ASIPMeisterProjects/dlx_basis/ISE_basis_6000/fhm_multiplier_w32.vhd \
      EN work/fhm_multiplier_w32_reg64 1245952835
EN work/fhm_multiplier_w32_smul 1245952837 \
      FL /home/bauer_l/ASIPMeisterProjects/dlx_basis/ISE_basis_6000/fhm_multiplier_w32.vhd \
      PB ieee/std_logic_1164 1169820266 PB ieee/STD_LOGIC_UNSIGNED 1169820269
AR work/fhm_multiplier_w32_smul/synthesis 1245952838 \
      FL /home/bauer_l/ASIPMeisterProjects/dlx_basis/ISE_basis_6000/fhm_multiplier_w32.vhd \
      EN work/fhm_multiplier_w32_smul 1245952837 CP fhm_multiplier_w32_reg32 \
      CP fhm_multiplier_w32_add64 CP fhm_multiplier_w32_reg64
EN work/fhm_multiplier_w32_tconv32 1245952839 \
      FL /home/bauer_l/ASIPMeisterProjects/dlx_basis/ISE_basis_6000/fhm_multiplier_w32.vhd \
      PB ieee/std_logic_1164 1169820266 PB ieee/STD_LOGIC_UNSIGNED 1169820269
AR work/fhm_multiplier_w32_tconv32/synthesis 1245952840 \
      FL /home/bauer_l/ASIPMeisterProjects/dlx_basis/ISE_basis_6000/fhm_multiplier_w32.vhd \
      EN work/fhm_multiplier_w32_tconv32 1245952839 CP fhm_multiplier_w32_add32
EN work/fhm_multiplier_w32_tconv64 1245952841 \
      FL /home/bauer_l/ASIPMeisterProjects/dlx_basis/ISE_basis_6000/fhm_multiplier_w32.vhd \
      PB ieee/std_logic_1164 1169820266 PB ieee/STD_LOGIC_UNSIGNED 1169820269
AR work/fhm_multiplier_w32_tconv64/synthesis 1245952842 \
      FL /home/bauer_l/ASIPMeisterProjects/dlx_basis/ISE_basis_6000/fhm_multiplier_w32.vhd \
      EN work/fhm_multiplier_w32_tconv64 1245952841 CP fhm_multiplier_w32_add64
EN work/fhm_multiplier_w32 1245952843 \
      FL /home/bauer_l/ASIPMeisterProjects/dlx_basis/ISE_basis_6000/fhm_multiplier_w32.vhd \
      PB ieee/std_logic_1164 1169820266 PB ieee/STD_LOGIC_UNSIGNED 1169820269
AR work/fhm_multiplier_w32/synthesis 1245952844 \
      FL /home/bauer_l/ASIPMeisterProjects/dlx_basis/ISE_basis_6000/fhm_multiplier_w32.vhd \
      EN work/fhm_multiplier_w32 1245952843 CP fhm_multiplier_w32_reg1 \
      CP fhm_multiplier_w32_tconv32 CP fhm_multiplier_w32_smul \
      CP fhm_multiplier_w32_tconv64
FL /home/bauer_l/ASIPMeisterProjects/dlx_basis/ISE_basis_6000/fhm_pcu_w32.vhd 2009/02/03.18:21:57 J.32
EN work/fhm_pcu_w32_add32_fa 1245952791 \
      FL /home/bauer_l/ASIPMeisterProjects/dlx_basis/ISE_basis_6000/fhm_pcu_w32.vhd \
      PB ieee/std_logic_1164 1169820266 PB ieee/STD_LOGIC_UNSIGNED 1169820269
AR work/fhm_pcu_w32_add32_fa/synthesis 1245952792 \
      FL /home/bauer_l/ASIPMeisterProjects/dlx_basis/ISE_basis_6000/fhm_pcu_w32.vhd \
      EN work/fhm_pcu_w32_add32_fa 1245952791
EN work/fhm_pcu_w32_add32 1245952793 \
      FL /home/bauer_l/ASIPMeisterProjects/dlx_basis/ISE_basis_6000/fhm_pcu_w32.vhd \
      PB ieee/std_logic_1164 1169820266 PB ieee/STD_LOGIC_UNSIGNED 1169820269
AR work/fhm_pcu_w32_add32/synthesis 1245952794 \
      FL /home/bauer_l/ASIPMeisterProjects/dlx_basis/ISE_basis_6000/fhm_pcu_w32.vhd \
      EN work/fhm_pcu_w32_add32 1245952793 CP fhm_pcu_w32_add32_fa
EN work/fhm_pcu_w32_reg32 1245952795 \
      FL /home/bauer_l/ASIPMeisterProjects/dlx_basis/ISE_basis_6000/fhm_pcu_w32.vhd \
      PB ieee/std_logic_1164 1169820266 PB ieee/STD_LOGIC_UNSIGNED 1169820269
AR work/fhm_pcu_w32_reg32/synthesis 1245952796 \
      FL /home/bauer_l/ASIPMeisterProjects/dlx_basis/ISE_basis_6000/fhm_pcu_w32.vhd \
      EN work/fhm_pcu_w32_reg32 1245952795
EN work/fhm_pcu_w32 1245952797 \
      FL /home/bauer_l/ASIPMeisterProjects/dlx_basis/ISE_basis_6000/fhm_pcu_w32.vhd \
      PB ieee/std_logic_1164 1169820266 PB ieee/std_logic_arith 1169820267 \
      PB ieee/STD_LOGIC_SIGNED 1169820268
AR work/fhm_pcu_w32/synthesis 1245952798 \
      FL /home/bauer_l/ASIPMeisterProjects/dlx_basis/ISE_basis_6000/fhm_pcu_w32.vhd \
      EN work/fhm_pcu_w32 1245952797 CP fhm_pcu_w32_add32 CP fhm_pcu_w32_reg32
FL /home/bauer_l/ASIPMeisterProjects/dlx_basis/ISE_basis_6000/fhm_registerfile_w32.vhd 2009/02/03.18:21:57 J.32
EN work/fhm_registerfile_w32_reg32 1245952807 \
      FL /home/bauer_l/ASIPMeisterProjects/dlx_basis/ISE_basis_6000/fhm_registerfile_w32.vhd \
      PB ieee/std_logic_1164 1169820266 PB ieee/STD_LOGIC_UNSIGNED 1169820269
AR work/fhm_registerfile_w32_reg32/synthesis 1245952808 \
      FL /home/bauer_l/ASIPMeisterProjects/dlx_basis/ISE_basis_6000/fhm_registerfile_w32.vhd \
      EN work/fhm_registerfile_w32_reg32 1245952807
EN work/fhm_registerfile_w32 1245952809 \
      FL /home/bauer_l/ASIPMeisterProjects/dlx_basis/ISE_basis_6000/fhm_registerfile_w32.vhd \
      PB ieee/std_logic_1164 1169820266
AR work/fhm_registerfile_w32/synthesis 1245952810 \
      FL /home/bauer_l/ASIPMeisterProjects/dlx_basis/ISE_basis_6000/fhm_registerfile_w32.vhd \
      EN work/fhm_registerfile_w32 1245952809 CP fhm_registerfile_w32_reg32
FL /home/bauer_l/ASIPMeisterProjects/dlx_basis/ISE_basis_6000/fhm_register_w32.vhd 2009/02/03.18:21:57 J.32
EN work/fhm_register_w32 1245952799 \
      FL /home/bauer_l/ASIPMeisterProjects/dlx_basis/ISE_basis_6000/fhm_register_w32.vhd \
      PB ieee/std_logic_1164 1169820266 PB ieee/STD_LOGIC_UNSIGNED 1169820269
AR work/fhm_register_w32/logic 1245952800 \
      FL /home/bauer_l/ASIPMeisterProjects/dlx_basis/ISE_basis_6000/fhm_register_w32.vhd \
      EN work/fhm_register_w32 1245952799
FL /home/bauer_l/ASIPMeisterProjects/dlx_basis/ISE_basis_6000/fhm_shifter_w32.vhd 2009/02/03.18:21:57 J.32
EN work/fhm_shifter_w32 1245952863 \
      FL /home/bauer_l/ASIPMeisterProjects/dlx_basis/ISE_basis_6000/fhm_shifter_w32.vhd \
      PB ieee/std_logic_1164 1169820266 PB ieee/std_logic_arith 1169820267 \
      PB ieee/STD_LOGIC_UNSIGNED 1169820269
AR work/fhm_shifter_w32/synthesis 1245952864 \
      FL /home/bauer_l/ASIPMeisterProjects/dlx_basis/ISE_basis_6000/fhm_shifter_w32.vhd \
      EN work/fhm_shifter_w32 1245952863
FL /home/bauer_l/ASIPMeisterProjects/dlx_basis/ISE_basis_6000/i2c_arbiter.vhd 2008/08/01.21:36:16 J.32
EN work/i2c_arbiter 1245952785 \
      FL /home/bauer_l/ASIPMeisterProjects/dlx_basis/ISE_basis_6000/i2c_arbiter.vhd \
      PB ieee/std_logic_1164 1169820266 PH ieee/NUMERIC_STD 1169820269 \
      PB ieee/STD_LOGIC_UNSIGNED 1169820269
AR work/i2c_arbiter/i2c_arbiter_arch 1245952786 \
      FL /home/bauer_l/ASIPMeisterProjects/dlx_basis/ISE_basis_6000/i2c_arbiter.vhd \
      EN work/i2c_arbiter 1245952785
FL /home/bauer_l/ASIPMeisterProjects/dlx_basis/ISE_basis_6000/i2c_multiclock_latch.vhd 2008/08/01.21:36:17 J.32
EN work/multiclock_latch 1245952783 \
      FL /home/bauer_l/ASIPMeisterProjects/dlx_basis/ISE_basis_6000/i2c_multiclock_latch.vhd \
      PB ieee/std_logic_1164 1169820266 PH ieee/NUMERIC_STD 1169820269 \
      PB ieee/STD_LOGIC_UNSIGNED 1169820269
AR work/multiclock_latch/multiclock_latch_arch 1245952784 \
      FL /home/bauer_l/ASIPMeisterProjects/dlx_basis/ISE_basis_6000/i2c_multiclock_latch.vhd \
      EN work/multiclock_latch 1245952783
FL /home/bauer_l/ASIPMeisterProjects/dlx_basis/ISE_basis_6000/i2c_toplevel.vhd 2008/08/01.21:36:17 J.32
EN work/i2c_toplevel 1245952901 \
      FL /home/bauer_l/ASIPMeisterProjects/dlx_basis/ISE_basis_6000/i2c_toplevel.vhd \
      PB ieee/std_logic_1164 1169820266 PH ieee/NUMERIC_STD 1169820269 \
      PB ieee/STD_LOGIC_UNSIGNED 1169820269 LB UNISIM PH unisim/VCOMPONENTS 1169820273
AR work/i2c_toplevel/i2c_toplevel_arch 1245952902 \
      FL /home/bauer_l/ASIPMeisterProjects/dlx_basis/ISE_basis_6000/i2c_toplevel.vhd \
      EN work/i2c_toplevel 1245952901 CP fifo_generator_v2_1 CP multiclock_latch \
      CP i2c_arbiter CP pca9564_interface CP BUFG CP DCM
FL /home/bauer_l/ASIPMeisterProjects/dlx_basis/ISE_basis_6000/interface_asipmeister_i2c.vhd 2008/08/01.21:36:17 J.32
EN work/interface_asipmeister_i2c 1245952899 \
      FL /home/bauer_l/ASIPMeisterProjects/dlx_basis/ISE_basis_6000/interface_asipmeister_i2c.vhd \
      PB ieee/std_logic_1164 1169820266 PH ieee/NUMERIC_STD 1169820269 \
      PB ieee/STD_LOGIC_UNSIGNED 1169820269
AR work/interface_asipmeister_i2c/interface_asipmeister_i2c_arch 1245952900 \
      FL /home/bauer_l/ASIPMeisterProjects/dlx_basis/ISE_basis_6000/interface_asipmeister_i2c.vhd \
      EN work/interface_asipmeister_i2c 1245952899 CP fifo_generator_v2_1
FL /home/bauer_l/ASIPMeisterProjects/dlx_basis/ISE_basis_6000/kcuart_rx.vhd 2008/08/01.21:36:17 J.32
EN work/kcuart_rx 1245952909 \
      FL /home/bauer_l/ASIPMeisterProjects/dlx_basis/ISE_basis_6000/kcuart_rx.vhd \
      PB ieee/std_logic_1164 1169820266 PB ieee/std_logic_arith 1169820267 \
      PB ieee/STD_LOGIC_UNSIGNED 1169820269 LB UNISIM PH unisim/VCOMPONENTS 1169820273
AR work/kcuart_rx/low_level_definition 1245952910 \
      FL /home/bauer_l/ASIPMeisterProjects/dlx_basis/ISE_basis_6000/kcuart_rx.vhd \
      EN work/kcuart_rx 1245952909 CP FD CP string CP label CP SRL16E CP FDE CP LUT4 \
      CP LUT3 CP LUT2
FL /home/bauer_l/ASIPMeisterProjects/dlx_basis/ISE_basis_6000/kcuart_tx.vhd 2008/08/01.21:36:17 J.32
EN work/kcuart_tx 1245952907 \
      FL /home/bauer_l/ASIPMeisterProjects/dlx_basis/ISE_basis_6000/kcuart_tx.vhd \
      PB ieee/std_logic_1164 1169820266 PB ieee/std_logic_arith 1169820267 \
      PB ieee/STD_LOGIC_UNSIGNED 1169820269 LB UNISIM PH unisim/VCOMPONENTS 1169820273
AR work/kcuart_tx/low_level_definition 1245952908 \
      FL /home/bauer_l/ASIPMeisterProjects/dlx_basis/ISE_basis_6000/kcuart_tx.vhd \
      EN work/kcuart_tx 1245952907 CP LUT4 CP MUXF5 CP MUXF6 CP FDRS CP string \
      CP label CP FDRE CP LUT2 CP MULT_AND CP MUXCY CP XORCY CP LUT3 CP FDE CP SRL16E \
      CP FD
FL /home/bauer_l/ASIPMeisterProjects/dlx_basis/ISE_basis_6000/MemoryMapper.vhd 2008/08/01.21:36:17 J.32
EN work/MemoryMapper 1245952897 \
      FL /home/bauer_l/ASIPMeisterProjects/dlx_basis/ISE_basis_6000/MemoryMapper.vhd \
      PB ieee/std_logic_1164 1169820266 PB ieee/std_logic_arith 1169820267 \
      PB ieee/STD_LOGIC_UNSIGNED 1169820269 LB work PB work/MemoryMapperTypes 1245952790
AR work/MemoryMapper/Behavioral 1245952898 \
      FL /home/bauer_l/ASIPMeisterProjects/dlx_basis/ISE_basis_6000/MemoryMapper.vhd \
      EN work/MemoryMapper 1245952897
FL /home/bauer_l/ASIPMeisterProjects/dlx_basis/ISE_basis_6000/MemoryMapperTypes.vhd 2008/10/17.20:55:46 J.32
PH work/MemoryMapperTypes 1245952789 \
      FL /home/bauer_l/ASIPMeisterProjects/dlx_basis/ISE_basis_6000/MemoryMapperTypes.vhd \
      PB ieee/std_logic_1164 1169820266
PB work/MemoryMapperTypes 1245952790 \
      FL /home/bauer_l/ASIPMeisterProjects/dlx_basis/ISE_basis_6000/MemoryMapperTypes.vhd \
      PH work/MemoryMapperTypes 1245952789
FL /home/bauer_l/ASIPMeisterProjects/dlx_basis/ISE_basis_6000/pca9564_interface_state.vhd 2008/08/01.21:36:17 J.32
EN work/pca9564_interface 1245952787 \
      FL /home/bauer_l/ASIPMeisterProjects/dlx_basis/ISE_basis_6000/pca9564_interface_state.vhd \
      PB ieee/std_logic_1164 1169820266 PH ieee/NUMERIC_STD 1169820269 \
      PB ieee/STD_LOGIC_UNSIGNED 1169820269
AR work/pca9564_interface/pca9564_interface_arch 1245952788 \
      FL /home/bauer_l/ASIPMeisterProjects/dlx_basis/ISE_basis_6000/pca9564_interface_state.vhd \
      EN work/pca9564_interface 1245952787
FL /home/bauer_l/ASIPMeisterProjects/dlx_basis/ISE_basis_6000/rtg_controller.vhd 2009/02/03.18:21:57 J.32
EN work/rtg_controller 1245952875 \
      FL /home/bauer_l/ASIPMeisterProjects/dlx_basis/ISE_basis_6000/rtg_controller.vhd \
      PB ieee/std_logic_1164 1169820266
AR work/rtg_controller/RTL 1245952876 \
      FL /home/bauer_l/ASIPMeisterProjects/dlx_basis/ISE_basis_6000/rtg_controller.vhd \
      EN work/rtg_controller 1245952875 CP rtg_proc_fsm CP rtg_register_w1_00 \
      CP rtg_register_w1_01 CP rtg_register_w32 CP rtg_register_w46 \
      CP rtg_register_w15 CP rtg_register_w10
FL /home/bauer_l/ASIPMeisterProjects/dlx_basis/ISE_basis_6000/rtg_mux18to1_w32.vhd 2009/02/03.18:21:57 J.32
EN work/rtg_mux18to1_w32 1245952881 \
      FL /home/bauer_l/ASIPMeisterProjects/dlx_basis/ISE_basis_6000/rtg_mux18to1_w32.vhd \
      PB ieee/std_logic_1164 1169820266
AR work/rtg_mux18to1_w32/RTL 1245952882 \
      FL /home/bauer_l/ASIPMeisterProjects/dlx_basis/ISE_basis_6000/rtg_mux18to1_w32.vhd \
      EN work/rtg_mux18to1_w32 1245952881
FL /home/bauer_l/ASIPMeisterProjects/dlx_basis/ISE_basis_6000/rtg_mux2to1_w5.vhd 2009/02/03.18:21:57 J.32
EN work/rtg_mux2to1_w5 1245952883 \
      FL /home/bauer_l/ASIPMeisterProjects/dlx_basis/ISE_basis_6000/rtg_mux2to1_w5.vhd \
      PB ieee/std_logic_1164 1169820266
AR work/rtg_mux2to1_w5/RTL 1245952884 \
      FL /home/bauer_l/ASIPMeisterProjects/dlx_basis/ISE_basis_6000/rtg_mux2to1_w5.vhd \
      EN work/rtg_mux2to1_w5 1245952883
FL /home/bauer_l/ASIPMeisterProjects/dlx_basis/ISE_basis_6000/rtg_mux3to1_w32.vhd 2009/02/03.18:21:57 J.32
EN work/rtg_mux3to1_w32 1245952877 \
      FL /home/bauer_l/ASIPMeisterProjects/dlx_basis/ISE_basis_6000/rtg_mux3to1_w32.vhd \
      PB ieee/std_logic_1164 1169820266
AR work/rtg_mux3to1_w32/RTL 1245952878 \
      FL /home/bauer_l/ASIPMeisterProjects/dlx_basis/ISE_basis_6000/rtg_mux3to1_w32.vhd \
      EN work/rtg_mux3to1_w32 1245952877
FL /home/bauer_l/ASIPMeisterProjects/dlx_basis/ISE_basis_6000/rtg_mux4to1_w32.vhd 2009/02/03.18:21:57 J.32
EN work/rtg_mux4to1_w32 1245952885 \
      FL /home/bauer_l/ASIPMeisterProjects/dlx_basis/ISE_basis_6000/rtg_mux4to1_w32.vhd \
      PB ieee/std_logic_1164 1169820266
AR work/rtg_mux4to1_w32/RTL 1245952886 \
      FL /home/bauer_l/ASIPMeisterProjects/dlx_basis/ISE_basis_6000/rtg_mux4to1_w32.vhd \
      EN work/rtg_mux4to1_w32 1245952885
FL /home/bauer_l/ASIPMeisterProjects/dlx_basis/ISE_basis_6000/rtg_mux4to1_w5.vhd 2009/02/03.18:21:57 J.32
EN work/rtg_mux4to1_w5 1245952887 \
      FL /home/bauer_l/ASIPMeisterProjects/dlx_basis/ISE_basis_6000/rtg_mux4to1_w5.vhd \
      PB ieee/std_logic_1164 1169820266
AR work/rtg_mux4to1_w5/RTL 1245952888 \
      FL /home/bauer_l/ASIPMeisterProjects/dlx_basis/ISE_basis_6000/rtg_mux4to1_w5.vhd \
      EN work/rtg_mux4to1_w5 1245952887
FL /home/bauer_l/ASIPMeisterProjects/dlx_basis/ISE_basis_6000/rtg_mux5to1_w5.vhd 2009/02/03.18:21:57 J.32
EN work/rtg_mux5to1_w5 1245952879 \
      FL /home/bauer_l/ASIPMeisterProjects/dlx_basis/ISE_basis_6000/rtg_mux5to1_w5.vhd \
      PB ieee/std_logic_1164 1169820266
AR work/rtg_mux5to1_w5/RTL 1245952880 \
      FL /home/bauer_l/ASIPMeisterProjects/dlx_basis/ISE_basis_6000/rtg_mux5to1_w5.vhd \
      EN work/rtg_mux5to1_w5 1245952879
FL /home/bauer_l/ASIPMeisterProjects/dlx_basis/ISE_basis_6000/rtg_proc_fsm.vhd 2009/02/03.18:21:57 J.32
EN work/rtg_proc_fsm 1245952766 \
      FL /home/bauer_l/ASIPMeisterProjects/dlx_basis/ISE_basis_6000/rtg_proc_fsm.vhd \
      PB ieee/std_logic_1164 1169820266
AR work/rtg_proc_fsm/RTL 1245952767 \
      FL /home/bauer_l/ASIPMeisterProjects/dlx_basis/ISE_basis_6000/rtg_proc_fsm.vhd \
      EN work/rtg_proc_fsm 1245952766
FL /home/bauer_l/ASIPMeisterProjects/dlx_basis/ISE_basis_6000/rtg_register_w10.vhd 2009/02/03.18:21:57 J.32
EN work/rtg_register_w10 1245952778 \
      FL /home/bauer_l/ASIPMeisterProjects/dlx_basis/ISE_basis_6000/rtg_register_w10.vhd \
      PB ieee/std_logic_1164 1169820266
AR work/rtg_register_w10/RTL 1245952779 \
      FL /home/bauer_l/ASIPMeisterProjects/dlx_basis/ISE_basis_6000/rtg_register_w10.vhd \
      EN work/rtg_register_w10 1245952778
FL /home/bauer_l/ASIPMeisterProjects/dlx_basis/ISE_basis_6000/rtg_register_w15.vhd 2009/02/03.18:21:57 J.32
EN work/rtg_register_w15 1245952776 \
      FL /home/bauer_l/ASIPMeisterProjects/dlx_basis/ISE_basis_6000/rtg_register_w15.vhd \
      PB ieee/std_logic_1164 1169820266
AR work/rtg_register_w15/RTL 1245952777 \
      FL /home/bauer_l/ASIPMeisterProjects/dlx_basis/ISE_basis_6000/rtg_register_w15.vhd \
      EN work/rtg_register_w15 1245952776
FL /home/bauer_l/ASIPMeisterProjects/dlx_basis/ISE_basis_6000/rtg_register_w1_00.vhd 2009/02/03.18:21:57 J.32
EN work/rtg_register_w1_00 1245952768 \
      FL /home/bauer_l/ASIPMeisterProjects/dlx_basis/ISE_basis_6000/rtg_register_w1_00.vhd \
      PB ieee/std_logic_1164 1169820266
AR work/rtg_register_w1_00/RTL 1245952769 \
      FL /home/bauer_l/ASIPMeisterProjects/dlx_basis/ISE_basis_6000/rtg_register_w1_00.vhd \
      EN work/rtg_register_w1_00 1245952768
FL /home/bauer_l/ASIPMeisterProjects/dlx_basis/ISE_basis_6000/rtg_register_w1_01.vhd 2009/02/03.18:21:57 J.32
EN work/rtg_register_w1_01 1245952770 \
      FL /home/bauer_l/ASIPMeisterProjects/dlx_basis/ISE_basis_6000/rtg_register_w1_01.vhd \
      PB ieee/std_logic_1164 1169820266
AR work/rtg_register_w1_01/RTL 1245952771 \
      FL /home/bauer_l/ASIPMeisterProjects/dlx_basis/ISE_basis_6000/rtg_register_w1_01.vhd \
      EN work/rtg_register_w1_01 1245952770
FL /home/bauer_l/ASIPMeisterProjects/dlx_basis/ISE_basis_6000/rtg_register_w32.vhd 2009/02/03.18:21:57 J.32
EN work/rtg_register_w32 1245952772 \
      FL /home/bauer_l/ASIPMeisterProjects/dlx_basis/ISE_basis_6000/rtg_register_w32.vhd \
      PB ieee/std_logic_1164 1169820266
AR work/rtg_register_w32/RTL 1245952773 \
      FL /home/bauer_l/ASIPMeisterProjects/dlx_basis/ISE_basis_6000/rtg_register_w32.vhd \
      EN work/rtg_register_w32 1245952772
FL /home/bauer_l/ASIPMeisterProjects/dlx_basis/ISE_basis_6000/rtg_register_w4.vhd 2009/02/03.18:21:57 J.32
EN work/rtg_register_w4 1245952889 \
      FL /home/bauer_l/ASIPMeisterProjects/dlx_basis/ISE_basis_6000/rtg_register_w4.vhd \
      PB ieee/std_logic_1164 1169820266
AR work/rtg_register_w4/RTL 1245952890 \
      FL /home/bauer_l/ASIPMeisterProjects/dlx_basis/ISE_basis_6000/rtg_register_w4.vhd \
      EN work/rtg_register_w4 1245952889
FL /home/bauer_l/ASIPMeisterProjects/dlx_basis/ISE_basis_6000/rtg_register_w46.vhd 2009/02/03.18:21:57 J.32
EN work/rtg_register_w46 1245952774 \
      FL /home/bauer_l/ASIPMeisterProjects/dlx_basis/ISE_basis_6000/rtg_register_w46.vhd \
      PB ieee/std_logic_1164 1169820266
AR work/rtg_register_w46/RTL 1245952775 \
      FL /home/bauer_l/ASIPMeisterProjects/dlx_basis/ISE_basis_6000/rtg_register_w46.vhd \
      EN work/rtg_register_w46 1245952774
FL /home/bauer_l/ASIPMeisterProjects/dlx_basis/ISE_basis_6000/rtg_register_w5.vhd 2009/02/03.18:21:57 J.32
EN work/rtg_register_w5 1245952891 \
      FL /home/bauer_l/ASIPMeisterProjects/dlx_basis/ISE_basis_6000/rtg_register_w5.vhd \
      PB ieee/std_logic_1164 1169820266
AR work/rtg_register_w5/RTL 1245952892 \
      FL /home/bauer_l/ASIPMeisterProjects/dlx_basis/ISE_basis_6000/rtg_register_w5.vhd \
      EN work/rtg_register_w5 1245952891
