EN rtg_mux5to1_w5 NULL /home/bauer_l/ASIPMeisterProjects/dlx_basis/ISE_basis_6000/rtg_mux5to1_w5.vhd sub01/vhpl113 1245952879
EN fhm_adder_w32 NULL /home/bauer_l/ASIPMeisterProjects/dlx_basis/ISE_basis_6000/fhm_adder_w32.vhd sub01/vhpl105 1245952871
EN fhm_divider_w32_reg32 NULL /home/bauer_l/ASIPMeisterProjects/dlx_basis/ISE_basis_6000/fhm_divider_w32.vhd sub00/vhpl85 1245952851
EN fhm_divider_w32_add32_cla4 NULL /home/bauer_l/ASIPMeisterProjects/dlx_basis/ISE_basis_6000/fhm_divider_w32.vhd sub00/vhpl79 1245952845
EN rtg_register_w10 NULL /home/bauer_l/ASIPMeisterProjects/dlx_basis/ISE_basis_6000/rtg_register_w10.vhd sub00/vhpl12 1245952778
AR multiclock_latch multiclock_latch_arch /home/bauer_l/ASIPMeisterProjects/dlx_basis/ISE_basis_6000/i2c_multiclock_latch.vhd sub00/vhpl18 1245952784
AR i2c_toplevel i2c_toplevel_arch /home/bauer_l/ASIPMeisterProjects/dlx_basis/ISE_basis_6000/i2c_toplevel.vhd sub01/vhpl136 1245952902
EN rtg_mux4to1_w5 NULL /home/bauer_l/ASIPMeisterProjects/dlx_basis/ISE_basis_6000/rtg_mux4to1_w5.vhd sub01/vhpl121 1245952887
AR fhm_divider_w32_reg32 synthesis /home/bauer_l/ASIPMeisterProjects/dlx_basis/ISE_basis_6000/fhm_divider_w32.vhd sub00/vhpl86 1245952852
EN rtg_register_w15 NULL /home/bauer_l/ASIPMeisterProjects/dlx_basis/ISE_basis_6000/rtg_register_w15.vhd sub00/vhpl10 1245952776
EN fhm_pcu_w32_add32_fa NULL /home/bauer_l/ASIPMeisterProjects/dlx_basis/ISE_basis_6000/fhm_pcu_w32.vhd sub00/vhpl25 1245952791
EN fhm_multiplier_w32_tconv32 NULL /home/bauer_l/ASIPMeisterProjects/dlx_basis/ISE_basis_6000/fhm_multiplier_w32.vhd sub00/vhpl73 1245952839
EN rtg_register_w32 NULL /home/bauer_l/ASIPMeisterProjects/dlx_basis/ISE_basis_6000/rtg_register_w32.vhd sub00/vhpl06 1245952772
EN fhm_multiplexor_w32 NULL /home/bauer_l/ASIPMeisterProjects/dlx_basis/ISE_basis_6000/fhm_multiplexor_w32.vhd sub01/vhpl107 1245952873
EN fhm_alu_w32_add16 NULL /home/bauer_l/ASIPMeisterProjects/dlx_basis/ISE_basis_6000/fhm_alu_w32.vhd sub00/vhpl47 1245952813
EN fhm_alu_w32 NULL /home/bauer_l/ASIPMeisterProjects/dlx_basis/ISE_basis_6000/fhm_alu_w32.vhd sub00/vhpl51 1245952817
EN i2c_toplevel NULL /home/bauer_l/ASIPMeisterProjects/dlx_basis/ISE_basis_6000/i2c_toplevel.vhd sub01/vhpl135 1245952901
EN fhm_divider_w32_add32_cla16 NULL /home/bauer_l/ASIPMeisterProjects/dlx_basis/ISE_basis_6000/fhm_divider_w32.vhd sub00/vhpl81 1245952847
EN fhm_multiplier_w32_reg1 NULL /home/bauer_l/ASIPMeisterProjects/dlx_basis/ISE_basis_6000/fhm_multiplier_w32.vhd sub00/vhpl55 1245952821
EN fhm_alu_w32_add NULL /home/bauer_l/ASIPMeisterProjects/dlx_basis/ISE_basis_6000/fhm_alu_w32.vhd sub00/vhpl49 1245952815
EN rtg_mux2to1_w5 NULL /home/bauer_l/ASIPMeisterProjects/dlx_basis/ISE_basis_6000/rtg_mux2to1_w5.vhd sub01/vhpl117 1245952883
AR clk_div behavioral /home/bauer_l/ASIPMeisterProjects/dlx_basis/ISE_basis_6000/clk_div.vhd sub01/vhpl140 1245952906
EN rtg_register_w46 NULL /home/bauer_l/ASIPMeisterProjects/dlx_basis/ISE_basis_6000/rtg_register_w46.vhd sub00/vhpl08 1245952774
AR pca9564_interface pca9564_interface_arch /home/bauer_l/ASIPMeisterProjects/dlx_basis/ISE_basis_6000/pca9564_interface_state.vhd sub00/vhpl22 1245952788
AR rtg_proc_fsm rtl /home/bauer_l/ASIPMeisterProjects/dlx_basis/ISE_basis_6000/rtg_proc_fsm.vhd sub00/vhpl01 1245952767
EN fhm_multiplier_w32_cla4 NULL /home/bauer_l/ASIPMeisterProjects/dlx_basis/ISE_basis_6000/fhm_multiplier_w32.vhd sub00/vhpl57 1245952823
EN fhm_multiplier_w32_tconv64 NULL /home/bauer_l/ASIPMeisterProjects/dlx_basis/ISE_basis_6000/fhm_multiplier_w32.vhd sub00/vhpl75 1245952841
PH audioout_types NULL /home/bauer_l/ASIPMeisterProjects/dlx_basis/ISE_basis_6000/AudioOut_Types.vhd sub00/vhpl14 1245952780
AR fhm_multiplier_w32_add32 synthesis /home/bauer_l/ASIPMeisterProjects/dlx_basis/ISE_basis_6000/fhm_multiplier_w32.vhd sub00/vhpl64 1245952830
AR kcuart_tx low_level_definition /home/bauer_l/ASIPMeisterProjects/dlx_basis/ISE_basis_6000/kcuart_tx.vhd sub01/vhpl142 1245952908
EN fhm_imau_w32 NULL /home/bauer_l/ASIPMeisterProjects/dlx_basis/ISE_basis_6000/fhm_imau_w32.vhd sub00/vhpl35 1245952801
EN fhm_multiplier_w32 NULL /home/bauer_l/ASIPMeisterProjects/dlx_basis/ISE_basis_6000/fhm_multiplier_w32.vhd sub00/vhpl77 1245952843
AR fhm_pcu_w32_add32 synthesis /home/bauer_l/ASIPMeisterProjects/dlx_basis/ISE_basis_6000/fhm_pcu_w32.vhd sub00/vhpl28 1245952794
AR fhm_divider_w32 synthesis /home/bauer_l/ASIPMeisterProjects/dlx_basis/ISE_basis_6000/fhm_divider_w32.vhd sub00/vhpl96 1245952862
EN fhm_dmau_w32 NULL /home/bauer_l/ASIPMeisterProjects/dlx_basis/ISE_basis_6000/fhm_dmau_w32.vhd sub00/vhpl39 1245952805
AR fhm_alu_w32_add4 synthesis /home/bauer_l/ASIPMeisterProjects/dlx_basis/ISE_basis_6000/fhm_alu_w32.vhd sub00/vhpl46 1245952812
AR fhm_divider_w32_lsftreg32 synthesis /home/bauer_l/ASIPMeisterProjects/dlx_basis/ISE_basis_6000/fhm_divider_w32.vhd sub00/vhpl90 1245952856
AR dlx_toplevel behavioral /home/bauer_l/ASIPMeisterProjects/dlx_basis/ISE_basis_6000/dlx_toplevel.vhd sub01/vhpl146 1245952912
AR rtg_mux2to1_w5 rtl /home/bauer_l/ASIPMeisterProjects/dlx_basis/ISE_basis_6000/rtg_mux2to1_w5.vhd sub01/vhpl118 1245952884
AR rtg_mux18to1_w32 rtl /home/bauer_l/ASIPMeisterProjects/dlx_basis/ISE_basis_6000/rtg_mux18to1_w32.vhd sub01/vhpl116 1245952882
AR fhm_extender_w28 synthesis /home/bauer_l/ASIPMeisterProjects/dlx_basis/ISE_basis_6000/fhm_extender_w28.vhd sub01/vhpl100 1245952866
EN fhm_multiplier_w32_add32 NULL /home/bauer_l/ASIPMeisterProjects/dlx_basis/ISE_basis_6000/fhm_multiplier_w32.vhd sub00/vhpl63 1245952829
EN fhm_divider_w32_sdiv32 NULL /home/bauer_l/ASIPMeisterProjects/dlx_basis/ISE_basis_6000/fhm_divider_w32.vhd sub00/vhpl91 1245952857
EN rtg_mux4to1_w32 NULL /home/bauer_l/ASIPMeisterProjects/dlx_basis/ISE_basis_6000/rtg_mux4to1_w32.vhd sub01/vhpl119 1245952885
EN multiclock_latch NULL /home/bauer_l/ASIPMeisterProjects/dlx_basis/ISE_basis_6000/i2c_multiclock_latch.vhd sub00/vhpl17 1245952783
AR fhm_alu_w32_add synthesis /home/bauer_l/ASIPMeisterProjects/dlx_basis/ISE_basis_6000/fhm_alu_w32.vhd sub00/vhpl50 1245952816
EN cpu NULL /home/bauer_l/ASIPMeisterProjects/dlx_basis/ISE_basis_6000/CPU.vhd sub01/vhpl129 1245952895
EN fhm_pcu_w32_add32 NULL /home/bauer_l/ASIPMeisterProjects/dlx_basis/ISE_basis_6000/fhm_pcu_w32.vhd sub00/vhpl27 1245952793
AR audioout_toplevel structure /home/bauer_l/ASIPMeisterProjects/dlx_basis/ISE_basis_6000/AudioOut_TopLevel.vhd sub01/vhpl138 1245952904
EN fhm_adder_w32_cla4 NULL /home/bauer_l/ASIPMeisterProjects/dlx_basis/ISE_basis_6000/fhm_adder_w32.vhd sub01/vhpl101 1245952867
AR fhm_multiplier_w32_tconv32 synthesis /home/bauer_l/ASIPMeisterProjects/dlx_basis/ISE_basis_6000/fhm_multiplier_w32.vhd sub00/vhpl74 1245952840
AR fhm_multiplier_w32_reg32 synthesis /home/bauer_l/ASIPMeisterProjects/dlx_basis/ISE_basis_6000/fhm_multiplier_w32.vhd sub00/vhpl68 1245952834
EN fhm_multiplier_w32_reg32 NULL /home/bauer_l/ASIPMeisterProjects/dlx_basis/ISE_basis_6000/fhm_multiplier_w32.vhd sub00/vhpl67 1245952833
EN fhm_multiplier_w32_add64 NULL /home/bauer_l/ASIPMeisterProjects/dlx_basis/ISE_basis_6000/fhm_multiplier_w32.vhd sub00/vhpl65 1245952831
AR fhm_divider_w32_tconv32 synthesis /home/bauer_l/ASIPMeisterProjects/dlx_basis/ISE_basis_6000/fhm_divider_w32.vhd sub00/vhpl94 1245952860
EN dlx_toplevel NULL /home/bauer_l/ASIPMeisterProjects/dlx_basis/ISE_basis_6000/dlx_toplevel.vhd sub01/vhpl145 1245952911
AR fhm_pcu_w32_reg32 synthesis /home/bauer_l/ASIPMeisterProjects/dlx_basis/ISE_basis_6000/fhm_pcu_w32.vhd sub00/vhpl30 1245952796
AR rtg_mux3to1_w32 rtl /home/bauer_l/ASIPMeisterProjects/dlx_basis/ISE_basis_6000/rtg_mux3to1_w32.vhd sub01/vhpl112 1245952878
EN fhm_pcu_w32_reg32 NULL /home/bauer_l/ASIPMeisterProjects/dlx_basis/ISE_basis_6000/fhm_pcu_w32.vhd sub00/vhpl29 1245952795
AR fhm_dmau_w32_reg32 synthesis /home/bauer_l/ASIPMeisterProjects/dlx_basis/ISE_basis_6000/fhm_dmau_w32.vhd sub00/vhpl38 1245952804
PB dlxtypes dlxtypes /home/bauer_l/ASIPMeisterProjects/dlx_basis/ISE_basis_6000/dlxTypes.vhd sub01/vhpl128 1245952894
AR rtg_register_w4 rtl /home/bauer_l/ASIPMeisterProjects/dlx_basis/ISE_basis_6000/rtg_register_w4.vhd sub01/vhpl124 1245952890
AR fhm_multiplier_w32_smul synthesis /home/bauer_l/ASIPMeisterProjects/dlx_basis/ISE_basis_6000/fhm_multiplier_w32.vhd sub00/vhpl72 1245952838
AR fhm_divider_w32_add32 synthesis /home/bauer_l/ASIPMeisterProjects/dlx_basis/ISE_basis_6000/fhm_divider_w32.vhd sub00/vhpl84 1245952850
EN interface_asipmeister_i2c NULL /home/bauer_l/ASIPMeisterProjects/dlx_basis/ISE_basis_6000/interface_asipmeister_i2c.vhd sub01/vhpl133 1245952899
EN fhm_multiplier_w32_reg64 NULL /home/bauer_l/ASIPMeisterProjects/dlx_basis/ISE_basis_6000/fhm_multiplier_w32.vhd sub00/vhpl69 1245952835
PB memorymappertypes memorymappertypes /home/bauer_l/ASIPMeisterProjects/dlx_basis/ISE_basis_6000/MemoryMapperTypes.vhd sub00/vhpl24 1245952790
AR rtg_mux4to1_w5 rtl /home/bauer_l/ASIPMeisterProjects/dlx_basis/ISE_basis_6000/rtg_mux4to1_w5.vhd sub01/vhpl122 1245952888
AR fhm_alu_w32 synthesis /home/bauer_l/ASIPMeisterProjects/dlx_basis/ISE_basis_6000/fhm_alu_w32.vhd sub00/vhpl52 1245952818
AR fhm_shifter_w32 synthesis /home/bauer_l/ASIPMeisterProjects/dlx_basis/ISE_basis_6000/fhm_shifter_w32.vhd sub00/vhpl98 1245952864
EN fhm_divider_w32_reg1 NULL /home/bauer_l/ASIPMeisterProjects/dlx_basis/ISE_basis_6000/fhm_divider_w32.vhd sub00/vhpl87 1245952853
EN fhm_multiplier_w32_smul NULL /home/bauer_l/ASIPMeisterProjects/dlx_basis/ISE_basis_6000/fhm_multiplier_w32.vhd sub00/vhpl71 1245952837
AR fhm_divider_w32_add32_cla4 synthesis /home/bauer_l/ASIPMeisterProjects/dlx_basis/ISE_basis_6000/fhm_divider_w32.vhd sub00/vhpl80 1245952846
AR fhm_adder_w32_cla4 synthesis /home/bauer_l/ASIPMeisterProjects/dlx_basis/ISE_basis_6000/fhm_adder_w32.vhd sub01/vhpl102 1245952868
AR fhm_divider_w32_add32_cla16 synthesis /home/bauer_l/ASIPMeisterProjects/dlx_basis/ISE_basis_6000/fhm_divider_w32.vhd sub00/vhpl82 1245952848
EN fhm_registerfile_w32_reg32 NULL /home/bauer_l/ASIPMeisterProjects/dlx_basis/ISE_basis_6000/fhm_registerfile_w32.vhd sub00/vhpl41 1245952807
EN rtg_proc_fsm NULL /home/bauer_l/ASIPMeisterProjects/dlx_basis/ISE_basis_6000/rtg_proc_fsm.vhd sub00/vhpl00 1245952766
EN memorymapper NULL /home/bauer_l/ASIPMeisterProjects/dlx_basis/ISE_basis_6000/MemoryMapper.vhd sub01/vhpl131 1245952897
EN fhm_multiplier_w32_cla16 NULL /home/bauer_l/ASIPMeisterProjects/dlx_basis/ISE_basis_6000/fhm_multiplier_w32.vhd sub00/vhpl59 1245952825
EN kcuart_rx NULL /home/bauer_l/ASIPMeisterProjects/dlx_basis/ISE_basis_6000/kcuart_rx.vhd sub01/vhpl143 1245952909
EN rtg_mux3to1_w32 NULL /home/bauer_l/ASIPMeisterProjects/dlx_basis/ISE_basis_6000/rtg_mux3to1_w32.vhd sub01/vhpl111 1245952877
AR rtg_register_w32 rtl /home/bauer_l/ASIPMeisterProjects/dlx_basis/ISE_basis_6000/rtg_register_w32.vhd sub00/vhpl07 1245952773
EN pca9564_interface NULL /home/bauer_l/ASIPMeisterProjects/dlx_basis/ISE_basis_6000/pca9564_interface_state.vhd sub00/vhpl21 1245952787
AR rtg_register_w1_00 rtl /home/bauer_l/ASIPMeisterProjects/dlx_basis/ISE_basis_6000/rtg_register_w1_00.vhd sub00/vhpl03 1245952769
PH dlxtypes NULL /home/bauer_l/ASIPMeisterProjects/dlx_basis/ISE_basis_6000/dlxTypes.vhd sub01/vhpl127 1245952893
AR rtg_mux5to1_w5 rtl /home/bauer_l/ASIPMeisterProjects/dlx_basis/ISE_basis_6000/rtg_mux5to1_w5.vhd sub01/vhpl114 1245952880
AR fhm_register_w32 logic /home/bauer_l/ASIPMeisterProjects/dlx_basis/ISE_basis_6000/fhm_register_w32.vhd sub00/vhpl34 1245952800
AR rtg_controller rtl /home/bauer_l/ASIPMeisterProjects/dlx_basis/ISE_basis_6000/rtg_controller.vhd sub01/vhpl110 1245952876
EN kcuart_tx NULL /home/bauer_l/ASIPMeisterProjects/dlx_basis/ISE_basis_6000/kcuart_tx.vhd sub01/vhpl141 1245952907
AR cpu rtl /home/bauer_l/ASIPMeisterProjects/dlx_basis/ISE_basis_6000/CPU.vhd sub01/vhpl130 1245952896
EN fhm_dmau_w32_reg32 NULL /home/bauer_l/ASIPMeisterProjects/dlx_basis/ISE_basis_6000/fhm_dmau_w32.vhd sub00/vhpl37 1245952803
AR fhm_multiplexor_w32 synthesis /home/bauer_l/ASIPMeisterProjects/dlx_basis/ISE_basis_6000/fhm_multiplexor_w32.vhd sub01/vhpl108 1245952874
AR digitalanalogconverter behavioral /home/bauer_l/ASIPMeisterProjects/dlx_basis/ISE_basis_6000/DigitalAnalogConverter.vhd sub00/vhpl16 1245952782
AR fhm_extender_w16 synthesis /home/bauer_l/ASIPMeisterProjects/dlx_basis/ISE_basis_6000/fhm_extender_w16.vhd sub00/vhpl54 1245952820
EN fhm_multiplier_w32_cla64 NULL /home/bauer_l/ASIPMeisterProjects/dlx_basis/ISE_basis_6000/fhm_multiplier_w32.vhd sub00/vhpl61 1245952827
AR fhm_multiplier_w32_reg1 synthesis /home/bauer_l/ASIPMeisterProjects/dlx_basis/ISE_basis_6000/fhm_multiplier_w32.vhd sub00/vhpl56 1245952822
EN fhm_register_w32 NULL /home/bauer_l/ASIPMeisterProjects/dlx_basis/ISE_basis_6000/fhm_register_w32.vhd sub00/vhpl33 1245952799
AR rtg_register_w10 rtl /home/bauer_l/ASIPMeisterProjects/dlx_basis/ISE_basis_6000/rtg_register_w10.vhd sub00/vhpl13 1245952779
AR rtg_register_w46 rtl /home/bauer_l/ASIPMeisterProjects/dlx_basis/ISE_basis_6000/rtg_register_w46.vhd sub00/vhpl09 1245952775
EN rtg_register_w1_00 NULL /home/bauer_l/ASIPMeisterProjects/dlx_basis/ISE_basis_6000/rtg_register_w1_00.vhd sub00/vhpl02 1245952768
AR interface_asipmeister_i2c interface_asipmeister_i2c_arch /home/bauer_l/ASIPMeisterProjects/dlx_basis/ISE_basis_6000/interface_asipmeister_i2c.vhd sub01/vhpl134 1245952900
AR rtg_register_w5 rtl /home/bauer_l/ASIPMeisterProjects/dlx_basis/ISE_basis_6000/rtg_register_w5.vhd sub01/vhpl126 1245952892
EN rtg_register_w4 NULL /home/bauer_l/ASIPMeisterProjects/dlx_basis/ISE_basis_6000/rtg_register_w4.vhd sub01/vhpl123 1245952889
EN rtg_register_w1_01 NULL /home/bauer_l/ASIPMeisterProjects/dlx_basis/ISE_basis_6000/rtg_register_w1_01.vhd sub00/vhpl04 1245952770
EN rtg_register_w5 NULL /home/bauer_l/ASIPMeisterProjects/dlx_basis/ISE_basis_6000/rtg_register_w5.vhd sub01/vhpl125 1245952891
AR fhm_imau_w32 synthesis /home/bauer_l/ASIPMeisterProjects/dlx_basis/ISE_basis_6000/fhm_imau_w32.vhd sub00/vhpl36 1245952802
AR fhm_multiplier_w32_cla16 synthesis /home/bauer_l/ASIPMeisterProjects/dlx_basis/ISE_basis_6000/fhm_multiplier_w32.vhd sub00/vhpl60 1245952826
AR fhm_alu_w32_add16 synthesis /home/bauer_l/ASIPMeisterProjects/dlx_basis/ISE_basis_6000/fhm_alu_w32.vhd sub00/vhpl48 1245952814
PH memorymappertypes NULL /home/bauer_l/ASIPMeisterProjects/dlx_basis/ISE_basis_6000/MemoryMapperTypes.vhd sub00/vhpl23 1245952789
EN fhm_pcu_w32 NULL /home/bauer_l/ASIPMeisterProjects/dlx_basis/ISE_basis_6000/fhm_pcu_w32.vhd sub00/vhpl31 1245952797
AR fhm_adder_w32 synthesis /home/bauer_l/ASIPMeisterProjects/dlx_basis/ISE_basis_6000/fhm_adder_w32.vhd sub01/vhpl106 1245952872
AR fhm_pcu_w32 synthesis /home/bauer_l/ASIPMeisterProjects/dlx_basis/ISE_basis_6000/fhm_pcu_w32.vhd sub00/vhpl32 1245952798
AR rtg_register_w1_01 rtl /home/bauer_l/ASIPMeisterProjects/dlx_basis/ISE_basis_6000/rtg_register_w1_01.vhd sub00/vhpl05 1245952771
EN fhm_adder_w32_cla16 NULL /home/bauer_l/ASIPMeisterProjects/dlx_basis/ISE_basis_6000/fhm_adder_w32.vhd sub01/vhpl103 1245952869
EN fhm_divider_w32 NULL /home/bauer_l/ASIPMeisterProjects/dlx_basis/ISE_basis_6000/fhm_divider_w32.vhd sub00/vhpl95 1245952861
EN fhm_shifter_w32 NULL /home/bauer_l/ASIPMeisterProjects/dlx_basis/ISE_basis_6000/fhm_shifter_w32.vhd sub00/vhpl97 1245952863
AR fhm_multiplier_w32_add64 synthesis /home/bauer_l/ASIPMeisterProjects/dlx_basis/ISE_basis_6000/fhm_multiplier_w32.vhd sub00/vhpl66 1245952832
AR fhm_dmau_w32 synthesis /home/bauer_l/ASIPMeisterProjects/dlx_basis/ISE_basis_6000/fhm_dmau_w32.vhd sub00/vhpl40 1245952806
AR fhm_divider_w32_sdiv32 synthesis /home/bauer_l/ASIPMeisterProjects/dlx_basis/ISE_basis_6000/fhm_divider_w32.vhd sub00/vhpl92 1245952858
AR memorymapper behavioral /home/bauer_l/ASIPMeisterProjects/dlx_basis/ISE_basis_6000/MemoryMapper.vhd sub01/vhpl132 1245952898
AR fhm_multiplier_w32_cla4 synthesis /home/bauer_l/ASIPMeisterProjects/dlx_basis/ISE_basis_6000/fhm_multiplier_w32.vhd sub00/vhpl58 1245952824
EN fhm_extender_w16 NULL /home/bauer_l/ASIPMeisterProjects/dlx_basis/ISE_basis_6000/fhm_extender_w16.vhd sub00/vhpl53 1245952819
EN audioout_toplevel NULL /home/bauer_l/ASIPMeisterProjects/dlx_basis/ISE_basis_6000/AudioOut_TopLevel.vhd sub01/vhpl137 1245952903
AR fhm_multiplier_w32_cla64 synthesis /home/bauer_l/ASIPMeisterProjects/dlx_basis/ISE_basis_6000/fhm_multiplier_w32.vhd sub00/vhpl62 1245952828
EN rtg_mux18to1_w32 NULL /home/bauer_l/ASIPMeisterProjects/dlx_basis/ISE_basis_6000/rtg_mux18to1_w32.vhd sub01/vhpl115 1245952881
EN rtg_controller NULL /home/bauer_l/ASIPMeisterProjects/dlx_basis/ISE_basis_6000/rtg_controller.vhd sub01/vhpl109 1245952875
AR rtg_register_w15 rtl /home/bauer_l/ASIPMeisterProjects/dlx_basis/ISE_basis_6000/rtg_register_w15.vhd sub00/vhpl11 1245952777
EN fhm_extender_w28 NULL /home/bauer_l/ASIPMeisterProjects/dlx_basis/ISE_basis_6000/fhm_extender_w28.vhd sub00/vhpl99 1245952865
EN fhm_divider_w32_tconv32 NULL /home/bauer_l/ASIPMeisterProjects/dlx_basis/ISE_basis_6000/fhm_divider_w32.vhd sub00/vhpl93 1245952859
EN i2c_arbiter NULL /home/bauer_l/ASIPMeisterProjects/dlx_basis/ISE_basis_6000/i2c_arbiter.vhd sub00/vhpl19 1245952785
AR rtg_mux4to1_w32 rtl /home/bauer_l/ASIPMeisterProjects/dlx_basis/ISE_basis_6000/rtg_mux4to1_w32.vhd sub01/vhpl120 1245952886
EN fhm_alu_w32_add4 NULL /home/bauer_l/ASIPMeisterProjects/dlx_basis/ISE_basis_6000/fhm_alu_w32.vhd sub00/vhpl45 1245952811
EN fhm_divider_w32_lsftreg32 NULL /home/bauer_l/ASIPMeisterProjects/dlx_basis/ISE_basis_6000/fhm_divider_w32.vhd sub00/vhpl89 1245952855
AR i2c_arbiter i2c_arbiter_arch /home/bauer_l/ASIPMeisterProjects/dlx_basis/ISE_basis_6000/i2c_arbiter.vhd sub00/vhpl20 1245952786
AR fhm_divider_w32_reg1 synthesis /home/bauer_l/ASIPMeisterProjects/dlx_basis/ISE_basis_6000/fhm_divider_w32.vhd sub00/vhpl88 1245952854
EN clk_div NULL /home/bauer_l/ASIPMeisterProjects/dlx_basis/ISE_basis_6000/clk_div.vhd sub01/vhpl139 1245952905
AR fhm_registerfile_w32_reg32 synthesis /home/bauer_l/ASIPMeisterProjects/dlx_basis/ISE_basis_6000/fhm_registerfile_w32.vhd sub00/vhpl42 1245952808
AR fhm_pcu_w32_add32_fa synthesis /home/bauer_l/ASIPMeisterProjects/dlx_basis/ISE_basis_6000/fhm_pcu_w32.vhd sub00/vhpl26 1245952792
EN fhm_divider_w32_add32 NULL /home/bauer_l/ASIPMeisterProjects/dlx_basis/ISE_basis_6000/fhm_divider_w32.vhd sub00/vhpl83 1245952849
EN digitalanalogconverter NULL /home/bauer_l/ASIPMeisterProjects/dlx_basis/ISE_basis_6000/DigitalAnalogConverter.vhd sub00/vhpl15 1245952781
AR fhm_multiplier_w32_tconv64 synthesis /home/bauer_l/ASIPMeisterProjects/dlx_basis/ISE_basis_6000/fhm_multiplier_w32.vhd sub00/vhpl76 1245952842
AR fhm_multiplier_w32_reg64 synthesis /home/bauer_l/ASIPMeisterProjects/dlx_basis/ISE_basis_6000/fhm_multiplier_w32.vhd sub00/vhpl70 1245952836
AR kcuart_rx low_level_definition /home/bauer_l/ASIPMeisterProjects/dlx_basis/ISE_basis_6000/kcuart_rx.vhd sub01/vhpl144 1245952910
AR fhm_registerfile_w32 synthesis /home/bauer_l/ASIPMeisterProjects/dlx_basis/ISE_basis_6000/fhm_registerfile_w32.vhd sub00/vhpl44 1245952810
EN fhm_registerfile_w32 NULL /home/bauer_l/ASIPMeisterProjects/dlx_basis/ISE_basis_6000/fhm_registerfile_w32.vhd sub00/vhpl43 1245952809
AR fhm_multiplier_w32 synthesis /home/bauer_l/ASIPMeisterProjects/dlx_basis/ISE_basis_6000/fhm_multiplier_w32.vhd sub00/vhpl78 1245952844
AR fhm_adder_w32_cla16 synthesis /home/bauer_l/ASIPMeisterProjects/dlx_basis/ISE_basis_6000/fhm_adder_w32.vhd sub01/vhpl104 1245952870
