/home/bauer_l/ASIPMeisterProjects/dlx_basis/ISE_basis_6000/dlx_toplevel.ngc 1245952928
/home/bauer_l/ASIPMeisterProjects/dlx_basis/ISE_basis_6000/brom_im.edn 1217705413
/home/bauer_l/ASIPMeisterProjects/dlx_basis/ISE_basis_6000/bram_dm.edn 1217705413
/home/bauer_l/ASIPMeisterProjects/dlx_basis/ISE_basis_6000/icon.edn 1243927559
/home/bauer_l/ASIPMeisterProjects/dlx_basis/ISE_basis_6000/ila.edn 1243927562
/home/bauer_l/ASIPMeisterProjects/dlx_basis/ISE_basis_6000/fifo_generator_v2_1.edn 1217705414
/home/bauer_l/ASIPMeisterProjects/dlx_basis/ISE_basis_6000/fifo_generator_v2_1_fifo_generator_v2_1_as_1.ngc 1217705414
/home/bauer_l/ASIPMeisterProjects/dlx_basis/ISE_basis_6000/fifo_generator_v2_1_fifo_generator_v2_1_as_1_blkmemdp_v6_2_xst.edn 1217705414
/home/bauer_l/ASIPMeisterProjects/dlx_basis/ISE_basis_6000/audio_out_fifo.edn 1217705413
/home/bauer_l/ASIPMeisterProjects/dlx_basis/ISE_basis_6000/audio_out_fifo_fifo_generator_v2_1_as_1.ngc 1217705413
/home/bauer_l/ASIPMeisterProjects/dlx_basis/ISE_basis_6000/audio_out_fifo_fifo_generator_v2_1_as_1_blkmemdp_v6_2_xst.edn 1217705413
OK
